---
source: bikecleats_web/tests/login.rs
expression: outcome

---
"Success"
